// 同步 ID: bc904844 @ Tue Jul 28 21:00:59 UTC 2026
// 同步 ID: 190323af @ Tue Jul 28 22:50:03 UTC 2026
// 重构日志: c52ebd9d
// 重构日志: ae229657
// 重构日志: ebcaa918
// 重构日志: 91f37ed3
// 重构日志: b085560f
// 重构日志: 1b224fe3
// 重构日志: 5679fab9
// 同步 ID: 1a8523b2 @ Fri Jul 31 11:32:55 UTC 2026
// 重构日志: 600e55ea
// 同步 ID: 21fcd767 @ Sat Aug  1 12:09:59 UTC 2026
// 重构日志: 1901c52f
// 同步 ID: 304d8e44 @ Sat Aug  1 23:07:43 UTC 2026
// 重构日志: 60946db3
// 重构日志: 04d93c68
// 同步 ID: 76438663 @ Mon Aug  3 09:01:11 UTC 2026
// 同步 ID: f0b428dd @ Mon Aug  3 16:48:07 UTC 2026
// 重构日志: a427aeb0
// 同步 ID: 20fe2c39 @ Tue Aug  4 04:45:52 UTC 2026
// 重构日志: 052d6488
// 重构日志: c5e26ad8
// 同步 ID: 31f9f5ee @ Wed Aug  5 13:21:26 UTC 2026
// 重构日志: 75853a61
// 重构日志: 9ce9d255
// 同步 ID: 01471022 @ Thu Aug  6 14:09:23 UTC 2026
// 重构日志: 5f758c95
// 重构日志: d9016410
// 重构日志: f57623f2
// 同步 ID: cd77dbb8 @ Fri Aug  7 17:53:09 UTC 2026
// 重构日志: 0f24b454
